// Vitest Snapshot v1, https://vitest.dev/guide/snapshot.html

exports[`Attributes > formats case ## in class 1`] = `
"\`code\`{#E74249] .bg-[}
"
`;

exports[`Attributes > formats case #boolean 1`] = `
":test{prop=true} text
"
`;

exports[`Attributes > formats case #class-suger 1`] = `
":test{.class .another-class key="value"} text
"
`;

exports[`Attributes > formats case #code 1`] = `
"\`code\`{#id .class}
"
`;

exports[`Attributes > formats case #emphasis 1`] = `
"_emphasis_{#id .class}
"
`;

exports[`Attributes > formats case #fragment-attribute 1`] = `
"[![Nuxt](https://nuxtjs.org/design-kit/colored-logo.svg){.nest}](https:test){.cls}
"
`;

exports[`Attributes > formats case #html-characters 1`] = `
":test{icon="©"} text
"
`;

exports[`Attributes > formats case #html-characters-unquoted 1`] = `
":test{icon="©"} text
"
`;

exports[`Attributes > formats case #id-suger 1`] = `
":test{#id} text
"
`;

exports[`Attributes > formats case #ignoreEscapeCharacterInNormalAttribute 1`] = `
":copy{code="D:\\\\Software\\\\"}
"
`;

exports[`Attributes > formats case #ignoreEscapeCharacterInNormalAttributeYaml 1`] = `
"::copy
---
code: D:\\Software\\
---
::
"
`;

exports[`Attributes > formats case #image 1`] = `
"![Nuxt](https://nuxtjs.org/design-kit/colored-logo.svg){#id .class}
"
`;

exports[`Attributes > formats case #invalid-binding 1`] = `
":test{:} text
"
`;

exports[`Attributes > formats case #link 1`] = `
"[Nuxt](https://nuxtjs.org){#id .class}
"
`;

exports[`Attributes > formats case #linkReference 1`] = `
"[Nuxt][nuxt]{#id .class}

[nuxt]: https://nuxt.com
"
`;

exports[`Attributes > formats case #nested 1`] = `
"[Hello

:span[World]{.x}](/world){style="color: green"}
"
`;

exports[`Attributes > formats case #nested-in-table 1`] = `
"| Col1 | Col2           |
| ---- | -------------- |
| aa   | [a](/a){a="a"} |
"
`;

exports[`Attributes > formats case #nested2 1`] = `
":span[Hello [World](/world){.x}]{style="color: green"}
"
`;

exports[`Attributes > formats case #nested3 1`] = `
"_**[Nuxt](https://nuxtjs.org){#id .class} strong**{#id2 .class2} emphasis_{#id3 .class3}
"
`;

exports[`Attributes > formats case #sort-attributes 1`] = `
":test{a="a" c="c" b="b"} text
"
`;

exports[`Attributes > formats case #strong 1`] = `
"**strong**{#id .class}
"
`;

exports[`Attributes > formats case #value-with-space 1`] = `
":test{attr="value"} text
"
`;
