// Vitest Snapshot v1, https://vitest.dev/guide/snapshot.html

exports[`basic > formats case "li" 1`] = `
"- inline :component
- inline :component[text]
"
`;

exports[`basic > formats case "link" 1`] = `
"[link](https://nuxtjs.org){target="_blank"}
"
`;

exports[`basic > formats case "linkWithAmpersand" 1`] = `
"[link](https://nuxtjs.org/?utm_source=benevolt&utm_campaign=mailingassos){target="_blank"}
"
`;

exports[`basic > formats case "simple" 1`] = `
"paragraph 1

---

paragraph 2
"
`;
