// Vitest Snapshot v1, https://vitest.dev/guide/snapshot.html

exports[`label > formats case #empty 1`] = `
":test text
"
`;

exports[`label > formats case #invalid-label-eof 1`] = `
":test[ text
"
`;

exports[`label > formats case #invalid-label-eol 1`] = `
":test[
"
`;

exports[`label > formats case #scaped-characters 1`] = `
":test[scape [ character] text
"
`;

exports[`label > formats case #simple 1`] = `
":test[label] text
"
`;
