// Vitest Snapshot v1, https://vitest.dev/guide/snapshot.html

exports[`inline-component > formats case "binding" (dev) 1`] = `
"{{ $doc.variable }}
"
`;

exports[`inline-component > formats case "binding" 1`] = `
"{{ $doc.variable }}
"
`;

exports[`inline-component > formats case "bindingWithDefault" (dev) 1`] = `
"{{ $doc.variable || "mdc" }}
"
`;

exports[`inline-component > formats case "bindingWithDefault" 1`] = `
"{{ $doc.variable || "mdc" }}
"
`;

exports[`inline-component > formats case "empty" (dev) 1`] = `
":component text
"
`;

exports[`inline-component > formats case "empty" 1`] = `
":component text
"
`;

exports[`inline-component > formats case "kbd" (dev) 1`] = `
"::tip
You can also use the shortcut :kbd{value="meta"} + :kbd{value="."} to redirect to the Studio route.
::
"
`;

exports[`inline-component > formats case "kbd" 1`] = `
"::tip
You can also use the shortcut :kbd{value="meta"} + :kbd{value="."} to redirect to the Studio route.
::
"
`;

exports[`inline-component > formats case "parentheses" (dev) 1`] = `
"(:component[text]{.class})
"
`;

exports[`inline-component > formats case "parentheses" 1`] = `
"(:component[text]{.class})
"
`;

exports[`inline-component > formats case "strong" (dev) 1`] = `
"**:component[text]{.class}**
"
`;

exports[`inline-component > formats case "strong" 1`] = `
"**:component[text]{.class}**
"
`;

exports[`inline-component > formats case "text" (dev) 1`] = `
":component[text] text
"
`;

exports[`inline-component > formats case "text" 1`] = `
":component[text] text
"
`;

exports[`inline-component > formats case "underlined" (dev) 1`] = `
"**:component[text]{.class}**
"
`;

exports[`inline-component > formats case "underlined" 1`] = `
"**:component[text]{.class}**
"
`;

exports[`inline-component > formats case "with-attribute" (dev) 1`] = `
":component[text]{.class} text
"
`;

exports[`inline-component > formats case "with-attribute" 1`] = `
":component[text]{.class} text
"
`;
